SQL> show user
USER is "SYS"
SQL> revoke dba from angel;

Revoke succeeded.

SQL> conn angel/angel
ERROR:
ORA-01045: user ANGEL lacks CREATE SESSION privilege; logon denied 


Warning: You are no longer connected to ORACLE.
SQL> drop angel;
SP2-0640: Not connected
SQL> con /as sysdba
SP2-0734: unknown command beginning "con /as sy..." - rest of line ignored.
SQL> conn /as sysdba
Connected.
SQL> drop angel;
drop angel
     *
ERROR at line 1:
ORA-00950: invalid DROP option 


SQL> drop user angel;

User dropped.

SQL> select username from all_users;

USERNAME                                                                                                                                                                                                
------------------------------------------------------------                                                                                                                                            
XS$NULL                                                                                                                                                                                                 
APEX_040000                                                                                                                                                                                             
APEX_PUBLIC_USER                                                                                                                                                                                        
FLOWS_FILES                                                                                                                                                                                             
HR                                                                                                                                                                                                      
MDSYS                                                                                                                                                                                                   
ANONYMOUS                                                                                                                                                                                               
XDB                                                                                                                                                                                                     
CTXSYS                                                                                                                                                                                                  
APPQOSSYS                                                                                                                                                                                               
DBSNMP                                                                                                                                                                                                  
ORACLE_OCM                                                                                                                                                                                              
DIP                                                                                                                                                                                                     
OUTLN                                                                                                                                                                                                   
SYSTEM                                                                                                                                                                                                  
SYS                                                                                                                                                                                                     

16 rows selected.

SQL> spool off
