SQL> show user
USER is "HR"
SQL> create user angle identified by angel
  2  
SQL> show user
USER is "HR"
SQL> conn /as sysdba
Connected.
SQL> show user
USER is "SYS"
SQL> create user angle identified by angel
  2  
SQL> create user angle identifield by angel
  2  
SQL> create user angel identified by angel
  2  
SQL> show user
USER is "SYS"
SQL> create user angel identified by angel;

User created.

SQL> all_users
SP2-0042: unknown command "all_users" - rest of line ignored.
SQL> all_users;
SP2-0042: unknown command "all_users" - rest of line ignored.
SQL> show all_users;
appinfo is OFF and set to "SQL*Plus"
arraysize 15
autocommit OFF
autoprint OFF
autorecovery OFF
autotrace OFF
blockterminator "." (hex 2e)
btitle OFF and is the first few characters of the next SELECT statement
cmdsep OFF
colsep " "
compatibility version NATIVE
concat "." (hex 2e)
copycommit 0
COPYTYPECHECK is ON
define "&" (hex 26)
describe DEPTH 1 LINENUM OFF INDENT ON
echo OFF
editfile "afiedt.buf"
embedded OFF
escape OFF
escchar OFF
exitcommit ON
FEEDBACK ON for 6 or more rows
flagger OFF
flush ON
heading ON
headsep "|" (hex 7c)
instance "local"
linesize 200
lno 35
loboffset 1
logsource ""
long 80
longchunksize 80
markup HTML OFF HEAD "<style type='text/css'> body {font:10pt Arial,Helvetica,sans-serif; color:black; background:White;} p {font:10pt Arial,Helvetica,sans-serif; color:black; background:White;} table,tr,td {font:10pt Arial,Helvetica,sans-serif; color:Black; background:#f7f7e7; padding:0px 0px 0px 0px; margin:0px 0px 0px 0px;} th {font:bold 10pt Arial,Helvetica,sans-serif; color:#336699; background:#cccc99; padding:0px 0px 0px 0px;} h1 {font:16pt Arial,Helvetica,Geneva,sans-serif; color:#336699; background-color:White; border-bottom:1px solid #cccc99; margin-top:0pt; margin-bottom:0pt; padding:0px 0px 0px 0px;-
} h2 {font:bold 10pt Arial,Helvetica,Geneva,sans-serif; color:#336699; background-color:White; margin-top:4pt; margin-bottom:0pt;} a {font:9pt Arial,Helvetica,sans-serif; color:#663300; background:#ffffff; margin-top:0pt; margin-bottom:0pt; vertical-align:top;}</style><title>SQL*Plus Report</title>" BODY "" TABLE "border='1' width='90%' align='center' summary='Script output'" SPOOL OFF ENTMAP ON PREFORMAT OFF
newpage 1
null ""
numformat ""
numwidth 10
pagesize 30
PAUSE is OFF
pno 4
recsep WRAP
recsepchar " " (hex 20)
release 1102000200
repfooter OFF and is NULL
repheader OFF and is NULL
securedcol is OFF
serveroutput OFF
shiftinout INVISIBLE
showmode OFF
spool ON
sqlblanklines OFF
sqlcase MIXED
sqlcode 0
sqlcontinue "> "
sqlnumber ON
sqlpluscompatibility 11.2.0
sqlprefix "#" (hex 23)
sqlprompt "SQL> "
sqlterminator ";" (hex 3b)
suffix "sql"
tab ON
termout ON
timing OFF
trimout ON
trimspool OFF
ttitle OFF and is the first few characters of the next SELECT statement
underline "-" (hex 2d)
USER is "SYS"
verify ON
wrap : lines will be wrapped
xmloptimizationcheck OFF
errorlogging is OFF
SP2-0158: unknown SHOW option "_users"
SQL> desc all_user
ERROR:
ORA-04043: object all_user does not exist 


SQL> desc all_users;
 Name                                                                                                              Null?    Type
 ----------------------------------------------------------------------------------------------------------------- -------- ----------------------------------------------------------------------------
 USERNAME                                                                                                          NOT NULL VARCHAR2(30)
 USER_ID                                                                                                           NOT NULL NUMBER
 CREATED                                                                                                           NOT NULL DATE

SQL> all_users;
SP2-0042: unknown command "all_users" - rest of line ignored.
SQL> select user_name from all_users;
select user_name from all_users
       *
ERROR at line 1:
ORA-00904: "USER_NAME": invalid identifier 


SQL> select username from all_users;

USERNAME                                                                                                                                                                                                
------------------------------------------------------------                                                                                                                                            
XS$NULL                                                                                                                                                                                                 
ANGEL                                                                                                                                                                                                   
APEX_040000                                                                                                                                                                                             
APEX_PUBLIC_USER                                                                                                                                                                                        
FLOWS_FILES                                                                                                                                                                                             
HR                                                                                                                                                                                                      
MDSYS                                                                                                                                                                                                   
ANONYMOUS                                                                                                                                                                                               
XDB                                                                                                                                                                                                     
CTXSYS                                                                                                                                                                                                  
APPQOSSYS                                                                                                                                                                                               
DBSNMP                                                                                                                                                                                                  
ORACLE_OCM                                                                                                                                                                                              
DIP                                                                                                                                                                                                     
OUTLN                                                                                                                                                                                                   
SYSTEM                                                                                                                                                                                                  
SYS                                                                                                                                                                                                     

17 rows selected.

SQL> spool off
