SQL> show user
USER is "SYS"
SQL> create user scott by happyday;
create user scott by happyday
                  *
ERROR at line 1:
ORA-00922: missing or invalid option 


SQL> create user scott indentified by happyday;
create user scott indentified by happyday
                  *
ERROR at line 1:
ORA-00922: missing or invalid option 


SQL> create user scott identified by happyday;

User created.

SQL> grant dba to scott;

Grant succeeded.

SQL> conn scott/happyday
Connected.
SQL> show user
USER is "SCOTT"
SQL> select username from all_users;

USERNAME                                                                                                                                                                                                
------------------------------------------------------------                                                                                                                                            
XS$NULL                                                                                                                                                                                                 
SCOTT                                                                                                                                                                                                   
APEX_040000                                                                                                                                                                                             
APEX_PUBLIC_USER                                                                                                                                                                                        
FLOWS_FILES                                                                                                                                                                                             
HR                                                                                                                                                                                                      
MDSYS                                                                                                                                                                                                   
ANONYMOUS                                                                                                                                                                                               
XDB                                                                                                                                                                                                     
CTXSYS                                                                                                                                                                                                  
APPQOSSYS                                                                                                                                                                                               
DBSNMP                                                                                                                                                                                                  
ORACLE_OCM                                                                                                                                                                                              
DIP                                                                                                                                                                                                     
OUTLN                                                                                                                                                                                                   
SYSTEM                                                                                                                                                                                                  
SYS                                                                                                                                                                                                     

17 rows selected.

SQL> spool off
